%!Adobe-FontList 1.14
%Locale:0x409

%BeginFont
Handler:DirectoryHandler
FontType:Invalid
OutlineFileName:D:\Projects\net.bobdo\httpdocs\test\md\Font\lobster\regular.eot
FileModTime:1353399398
%EndFont

%BeginFont
Handler:DirectoryHandler
FontType:Invalid
OutlineFileName:D:\Projects\net.bobdo\httpdocs\test\md\Font\lobster\regular.svg
FileModTime:1353399398
%EndFont

%BeginFont
Handler:DirectoryHandler
FontType:TrueType
FontName:Lobster13
FamilyName:Lobster 13
StyleName:Regular
FullName:Lobster 13 Regular
MenuName:Lobster 13
StyleBits:0
WritingScript:Roman
OutlineFileName:D:\Projects\net.bobdo\httpdocs\test\md\Font\lobster\regular.ttf
DataFormat:sfntData
FileLength:126032
FileModTime:1353399398
WeightClass:400
WidthClass:5
AngleClass:0
%EndFont

%BeginFont
Handler:DirectoryHandler
FontType:Invalid
OutlineFileName:D:\Projects\net.bobdo\httpdocs\test\md\Font\lobster\regular.woff
FileModTime:1353399398
%EndFont

%BeginFont
Handler:DirectoryHandler
FontType:Invalid
OutlineFileName:D:\Projects\net.bobdo\httpdocs\test\md\Font\liberation-serif\bold.eot
FileModTime:1353399398
%EndFont

%BeginFont
Handler:DirectoryHandler
FontType:Invalid
OutlineFileName:D:\Projects\net.bobdo\httpdocs\test\md\Font\liberation-serif\bold.svg
FileModTime:1353399398
%EndFont

%BeginFont
Handler:DirectoryHandler
FontType:TrueType
FontName:LiberationSerif-Bold
FamilyName:Liberation Serif
StyleName:Bold
FullName:Liberation Serif Bold
MenuName:Liberation Serif
StyleBits:2
WritingScript:Roman
OutlineFileName:D:\Projects\net.bobdo\httpdocs\test\md\Font\liberation-serif\bold.ttf
DataFormat:sfntData
FileLength:42320
FileModTime:1353399398
WeightClass:700
WidthClass:5
AngleClass:0
%EndFont

%BeginFont
Handler:DirectoryHandler
FontType:Invalid
OutlineFileName:D:\Projects\net.bobdo\httpdocs\test\md\Font\liberation-serif\bold.woff
FileModTime:1353399398
%EndFont

%BeginFont
Handler:DirectoryHandler
FontType:Invalid
OutlineFileName:D:\Projects\net.bobdo\httpdocs\test\md\Font\liberation-serif\bolditalic.eot
FileModTime:1353399398
%EndFont

%BeginFont
Handler:DirectoryHandler
FontType:Invalid
OutlineFileName:D:\Projects\net.bobdo\httpdocs\test\md\Font\liberation-serif\bolditalic.svg
FileModTime:1353399398
%EndFont

%BeginFont
Handler:DirectoryHandler
FontType:TrueType
FontName:LiberationSerif-BoldItalic
FamilyName:Liberation Serif
StyleName:Bold Italic
FullName:Liberation Serif Bold Italic
MenuName:Liberation Serif
StyleBits:3
WritingScript:Roman
OutlineFileName:D:\Projects\net.bobdo\httpdocs\test\md\Font\liberation-serif\bolditalic.ttf
DataFormat:sfntData
FileLength:44816
FileModTime:1353399398
WeightClass:700
WidthClass:5
AngleClass:1
%EndFont

%BeginFont
Handler:DirectoryHandler
FontType:Invalid
OutlineFileName:D:\Projects\net.bobdo\httpdocs\test\md\Font\liberation-serif\bolditalic.woff
FileModTime:1353399398
%EndFont

%BeginFont
Handler:DirectoryHandler
FontType:Invalid
OutlineFileName:D:\Projects\net.bobdo\httpdocs\test\md\Font\liberation-serif\italic.eot
FileModTime:1353399398
%EndFont

%BeginFont
Handler:DirectoryHandler
FontType:Invalid
OutlineFileName:D:\Projects\net.bobdo\httpdocs\test\md\Font\liberation-serif\italic.svg
FileModTime:1353399398
%EndFont

%BeginFont
Handler:DirectoryHandler
FontType:TrueType
FontName:LiberationSerif-Italic
FamilyName:Liberation Serif
StyleName:Italic
FullName:Liberation Serif Italic
MenuName:Liberation Serif
StyleBits:1
WritingScript:Roman
OutlineFileName:D:\Projects\net.bobdo\httpdocs\test\md\Font\liberation-serif\italic.ttf
DataFormat:sfntData
FileLength:46136
FileModTime:1353399398
WeightClass:400
WidthClass:5
AngleClass:1
%EndFont

%BeginFont
Handler:DirectoryHandler
FontType:Invalid
OutlineFileName:D:\Projects\net.bobdo\httpdocs\test\md\Font\liberation-serif\italic.woff
FileModTime:1353399398
%EndFont

%BeginFont
Handler:DirectoryHandler
FontType:Invalid
OutlineFileName:D:\Projects\net.bobdo\httpdocs\test\md\Font\liberation-serif\regular.eot
FileModTime:1353399398
%EndFont

%BeginFont
Handler:DirectoryHandler
FontType:Invalid
OutlineFileName:D:\Projects\net.bobdo\httpdocs\test\md\Font\liberation-serif\regular.svg
FileModTime:1353399398
%EndFont

%BeginFont
Handler:DirectoryHandler
FontType:TrueType
FontName:LiberationSerif
FamilyName:Liberation Serif
StyleName:Regular
FullName:Liberation Serif Regular
MenuName:Liberation Serif
StyleBits:0
WritingScript:Roman
OutlineFileName:D:\Projects\net.bobdo\httpdocs\test\md\Font\liberation-serif\regular.ttf
DataFormat:sfntData
FileLength:42496
FileModTime:1353399398
WeightClass:400
WidthClass:5
AngleClass:0
%EndFont

%BeginFont
Handler:DirectoryHandler
FontType:Invalid
OutlineFileName:D:\Projects\net.bobdo\httpdocs\test\md\Font\liberation-serif\regular.woff
FileModTime:1353399398
%EndFont

%BeginFont
Handler:DirectoryHandler
FontType:Invalid
OutlineFileName:D:\Projects\net.bobdo\httpdocs\test\md\Font\league-gothic\regular.eot
FileModTime:1353399398
%EndFont

%BeginFont
Handler:DirectoryHandler
FontType:Invalid
OutlineFileName:D:\Projects\net.bobdo\httpdocs\test\md\Font\league-gothic\regular.svg
FileModTime:1353399398
%EndFont

%BeginFont
Handler:DirectoryHandler
FontType:TrueType
FontName:LeagueGothic
FamilyName:League Gothic
StyleName:Regular
FullName:League Gothic Regular
MenuName:League Gothic
StyleBits:0
WritingScript:Roman
OutlineFileName:D:\Projects\net.bobdo\httpdocs\test\md\Font\league-gothic\regular.ttf
DataFormat:sfntData
FileLength:32372
FileModTime:1353399398
WeightClass:400
WidthClass:5
AngleClass:0
%EndFont

%BeginFont
Handler:DirectoryHandler
FontType:Invalid
OutlineFileName:D:\Projects\net.bobdo\httpdocs\test\md\Font\league-gothic\regular.woff
FileModTime:1353399398
%EndFont

